// Jest Snapshot v1, https://goo.gl/fbAQLP

exports[`Testing react navigation Renders snapshot as expected 1`] = `
<RNCSafeAreaProvider
  onInsetsChange={[Function]}
  style={
    Array [
      Object {
        "flex": 1,
      },
      undefined,
    ]
  }
>
  <RNSScreenStack
    style={
      Object {
        "flex": 1,
      }
    }
  >
    <RNSScreen
      collapsable={false}
      forwardedRef={[Function]}
      gestureResponseDistance={
        Object {
          "bottom": -1,
          "end": -1,
          "start": -1,
          "top": -1,
        }
      }
      nativeBackButtonDismissalEnabled={false}
      onAppear={[Function]}
      onDisappear={[Function]}
      onDismissed={[Function]}
      onHeaderBackButtonClicked={[Function]}
      onNativeDismissCancelled={[Function]}
      onTransitionProgress={[Function]}
      onWillDisappear={[Function]}
      replaceAnimation="push"
      stackPresentation="push"
      style={
        Object {
          "bottom": 0,
          "left": 0,
          "position": "absolute",
          "right": 0,
          "top": 0,
        }
      }
      swipeDirection="horizontal"
    >
      <RNSScreenStackHeaderConfig
        backButtonInCustomView={false}
        backgroundColor="turquoise"
        color="rgb(0, 122, 255)"
        direction="ltr"
        disableBackButtonMenu={false}
        hidden={false}
        hideBackButton={false}
        largeTitleHideShadow={false}
        title="Home"
        titleColor="rgb(28, 28, 30)"
        topInsetEnabled={false}
        translucent={false}
      />
      <View
        accessibilityElementsHidden={false}
        importantForAccessibility="auto"
        style={
          Object {
            "flex": 1,
            "flexDirection": "column-reverse",
          }
        }
      >
        <View
          style={
            Array [
              Object {
                "flex": 1,
              },
              Object {
                "backgroundColor": "rgb(242, 242, 242)",
              },
              undefined,
            ]
          }
        >
          <RCTSafeAreaView
            emulateUnlessSupported={true}
            style={
              Object {
                "alignItems": "center",
                "backgroundColor": "aliceblue",
                "flex": 1,
                "justifyContent": "center",
                "paddingBottom": 20,
              }
            }
          >
            <View
              accessible={true}
              collapsable={false}
              focusable={true}
              onClick={[Function]}
              onResponderGrant={[Function]}
              onResponderMove={[Function]}
              onResponderRelease={[Function]}
              onResponderTerminate={[Function]}
              onResponderTerminationRequest={[Function]}
              onStartShouldSetResponder={[Function]}
              style={
                Object {
                  "alignSelf": "center",
                  "backgroundColor": "turquoise",
                  "borderColor": "whitesmoke",
                  "borderRadius": 20,
                  "borderStyle": "solid",
                  "borderWidth": 1,
                  "marginTop": 10,
                  "opacity": 1,
                  "paddingHorizontal": 22,
                  "paddingVertical": 12,
                }
              }
            >
              <Text
                style={
                  Object {
                    "color": "darkslategrey",
                    "fontSize": 20,
                    "fontWeight": "500",
                    "textAlign": "center",
                  }
                }
              >
                All orders
              </Text>
            </View>
            <View
              accessible={true}
              collapsable={false}
              focusable={true}
              onClick={[Function]}
              onResponderGrant={[Function]}
              onResponderMove={[Function]}
              onResponderRelease={[Function]}
              onResponderTerminate={[Function]}
              onResponderTerminationRequest={[Function]}
              onStartShouldSetResponder={[Function]}
              style={
                Object {
                  "alignSelf": "center",
                  "backgroundColor": "turquoise",
                  "borderColor": "whitesmoke",
                  "borderRadius": 20,
                  "borderStyle": "solid",
                  "borderWidth": 1,
                  "marginTop": 10,
                  "opacity": 1,
                  "paddingHorizontal": 22,
                  "paddingVertical": 12,
                }
              }
            >
              <Text
                style={
                  Object {
                    "color": "darkslategrey",
                    "fontSize": 20,
                    "fontWeight": "500",
                    "textAlign": "center",
                  }
                }
              >
                Waiting orders
              </Text>
            </View>
          </RCTSafeAreaView>
        </View>
      </View>
    </RNSScreen>
  </RNSScreenStack>
</RNCSafeAreaProvider>
`;
